<div><p class="foo svelte-40y5y5">i am a widget</p></div>
