<div class="svelte-awisl7">red</div>
<div class="svelte-1us38kz">green: foo</div>



<div class="svelte-1us38kz">green: bar</div>


