 <div data-svelte="svelte-156ixv6">Just a dummy page.</div>